// Jest Snapshot v1, https://goo.gl/fbAQLP

exports[`renders components/chat-box/demo/basic.tsx extend context correctly 1`] = `
<div>
  <div
    class="ant-chatbox ant-chatbox-start"
  >
    你好你好你好
  </div>
</div>
`;

exports[`renders components/chat-box/demo/basic.tsx extend context correctly 2`] = `[]`;
